Archive member included because of file (symbol)

c:/program files/winavr/bin/../lib/gcc/avr/4.3.3/avr25\libgcc.a(_exit.o)
                              c:/program files/winavr/bin/../lib/gcc/avr/4.3.3/../../../../avr/lib/avr25/crttn45.o (exit)
c:/program files/winavr/bin/../lib/gcc/avr/4.3.3/avr25\libgcc.a(_clear_bss.o)
                              obj/TinyTouchLib.o (__do_clear_bss)

Allocating common symbols
Common symbol       size              file

touch               0x1               obj/TinyTouchLib.o
timer               0x1               obj/TinyTouchLib.o
bias                0x2               obj/TinyTouchLib.o

Discarded input sections

 .data          0x00000000        0x0 c:/program files/winavr/bin/../lib/gcc/avr/4.3.3/../../../../avr/lib/avr25/crttn45.o
 .bss           0x00000000        0x0 c:/program files/winavr/bin/../lib/gcc/avr/4.3.3/../../../../avr/lib/avr25/crttn45.o
 .text          0x00000000        0x0 obj/main.o
 .data          0x00000000        0x0 obj/main.o
 .bss           0x00000000        0x0 obj/main.o
 .text          0x00000000        0x0 obj/TinyTouchLib.o
 .data          0x00000000        0x0 obj/TinyTouchLib.o
 .bss           0x00000000        0x0 obj/TinyTouchLib.o
 .text          0x00000000        0x0 c:/program files/winavr/bin/../lib/gcc/avr/4.3.3/avr25\libgcc.a(_exit.o)
 .data          0x00000000        0x0 c:/program files/winavr/bin/../lib/gcc/avr/4.3.3/avr25\libgcc.a(_exit.o)
 .bss           0x00000000        0x0 c:/program files/winavr/bin/../lib/gcc/avr/4.3.3/avr25\libgcc.a(_exit.o)
 .text.libgcc   0x00000000        0x0 c:/program files/winavr/bin/../lib/gcc/avr/4.3.3/avr25\libgcc.a(_exit.o)
 .text          0x00000000        0x0 c:/program files/winavr/bin/../lib/gcc/avr/4.3.3/avr25\libgcc.a(_clear_bss.o)
 .data          0x00000000        0x0 c:/program files/winavr/bin/../lib/gcc/avr/4.3.3/avr25\libgcc.a(_clear_bss.o)
 .bss           0x00000000        0x0 c:/program files/winavr/bin/../lib/gcc/avr/4.3.3/avr25\libgcc.a(_clear_bss.o)
 .text.libgcc   0x00000000        0x0 c:/program files/winavr/bin/../lib/gcc/avr/4.3.3/avr25\libgcc.a(_clear_bss.o)

Memory Configuration

Name             Origin             Length             Attributes
text             0x00000000         0x00002000         xr
data             0x00800060         0x0000ffa0         rw !x
eeprom           0x00810000         0x00010000         rw !x
fuse             0x00820000         0x00000400         rw !x
lock             0x00830000         0x00000400         rw !x
signature        0x00840000         0x00000400         rw !x
*default*        0x00000000         0xffffffff

Linker script and memory map

LOAD c:/program files/winavr/bin/../lib/gcc/avr/4.3.3/../../../../avr/lib/avr25/crttn45.o
LOAD obj/main.o
LOAD obj/TinyTouchLib.o
LOAD c:/program files/winavr/bin/../lib/gcc/avr/4.3.3/../../../../avr/lib/avr25\libm.a
LOAD c:/program files/winavr/bin/../lib/gcc/avr/4.3.3/avr25\libgcc.a
LOAD c:/program files/winavr/bin/../lib/gcc/avr/4.3.3/../../../../avr/lib/avr25\libc.a
LOAD c:/program files/winavr/bin/../lib/gcc/avr/4.3.3/avr25\libgcc.a

.hash
 *(.hash)

.dynsym
 *(.dynsym)

.dynstr
 *(.dynstr)

.gnu.version
 *(.gnu.version)

.gnu.version_d
 *(.gnu.version_d)

.gnu.version_r
 *(.gnu.version_r)

.rel.init
 *(.rel.init)

.rela.init
 *(.rela.init)

.rel.text
 *(.rel.text)
 *(.rel.text.*)
 *(.rel.gnu.linkonce.t*)

.rela.text
 *(.rela.text)
 *(.rela.text.*)
 *(.rela.gnu.linkonce.t*)

.rel.fini
 *(.rel.fini)

.rela.fini
 *(.rela.fini)

.rel.rodata
 *(.rel.rodata)
 *(.rel.rodata.*)
 *(.rel.gnu.linkonce.r*)

.rela.rodata
 *(.rela.rodata)
 *(.rela.rodata.*)
 *(.rela.gnu.linkonce.r*)

.rel.data
 *(.rel.data)
 *(.rel.data.*)
 *(.rel.gnu.linkonce.d*)

.rela.data
 *(.rela.data)
 *(.rela.data.*)
 *(.rela.gnu.linkonce.d*)

.rel.ctors
 *(.rel.ctors)

.rela.ctors
 *(.rela.ctors)

.rel.dtors
 *(.rel.dtors)

.rela.dtors
 *(.rela.dtors)

.rel.got
 *(.rel.got)

.rela.got
 *(.rela.got)

.rel.bss
 *(.rel.bss)

.rela.bss
 *(.rela.bss)

.rel.plt
 *(.rel.plt)

.rela.plt
 *(.rela.plt)

.text           0x00000000      0x190
 *(.vectors)
 .vectors       0x00000000       0x1e c:/program files/winavr/bin/../lib/gcc/avr/4.3.3/../../../../avr/lib/avr25/crttn45.o
                0x00000000                __vectors
                0x00000000                __vector_default
 *(.vectors)
 *(.progmem.gcc*)
 *(.progmem*)
                0x0000001e                . = ALIGN (0x2)
                0x0000001e                __trampolines_start = .
 *(.trampolines)
 .trampolines   0x0000001e        0x0 linker stubs
 *(.trampolines*)
                0x0000001e                __trampolines_end = .
 *(.jumptables)
 *(.jumptables*)
 *(.lowtext)
 *(.lowtext*)
                0x0000001e                __ctors_start = .
 *(.ctors)
                0x0000001e                __ctors_end = .
                0x0000001e                __dtors_start = .
 *(.dtors)
                0x0000001e                __dtors_end = .
 SORT(*)(.ctors)
 SORT(*)(.dtors)
 *(.init0)
 .init0         0x0000001e        0x0 c:/program files/winavr/bin/../lib/gcc/avr/4.3.3/../../../../avr/lib/avr25/crttn45.o
                0x0000001e                __init
 *(.init0)
 *(.init1)
 *(.init1)
 *(.init2)
 .init2         0x0000001e        0xc c:/program files/winavr/bin/../lib/gcc/avr/4.3.3/../../../../avr/lib/avr25/crttn45.o
 *(.init2)
 *(.init3)
 *(.init3)
 *(.init4)
 .init4         0x0000002a       0x10 c:/program files/winavr/bin/../lib/gcc/avr/4.3.3/avr25\libgcc.a(_clear_bss.o)
                0x0000002a                __do_clear_bss
 *(.init4)
 *(.init5)
 *(.init5)
 *(.init6)
 *(.init6)
 *(.init7)
 *(.init7)
 *(.init8)
 *(.init8)
 *(.init9)
 .init9         0x0000003a        0x4 c:/program files/winavr/bin/../lib/gcc/avr/4.3.3/../../../../avr/lib/avr25/crttn45.o
 *(.init9)
 *(.text)
 .text          0x0000003e        0x2 c:/program files/winavr/bin/../lib/gcc/avr/4.3.3/../../../../avr/lib/avr25/crttn45.o
                0x0000003e                __vector_1
                0x0000003e                __vector_12
                0x0000003e                __bad_interrupt
                0x0000003e                __vector_6
                0x0000003e                __vector_3
                0x0000003e                __vector_11
                0x0000003e                __vector_13
                0x0000003e                __vector_7
                0x0000003e                __vector_5
                0x0000003e                __vector_4
                0x0000003e                __vector_9
                0x0000003e                __vector_2
                0x0000003e                __vector_8
                0x0000003e                __vector_14
                0x0000003e                __vector_10
                0x00000040                . = ALIGN (0x2)
 *(.text.*)
 .text.main     0x00000040       0x1a obj/main.o
                0x00000040                main
 .text.tinytouch_adc
                0x0000005a       0x4e obj/TinyTouchLib.o
                0x0000005a                tinytouch_adc
 .text.tinytouch_sense
                0x000000a8       0xca obj/TinyTouchLib.o
                0x000000a8                tinytouch_sense
 .text.tinytouch_init
                0x00000172       0x1a obj/TinyTouchLib.o
                0x00000172                tinytouch_init
                0x0000018c                . = ALIGN (0x2)
 *(.fini9)
 .fini9         0x0000018c        0x0 c:/program files/winavr/bin/../lib/gcc/avr/4.3.3/avr25\libgcc.a(_exit.o)
                0x0000018c                exit
                0x0000018c                _exit
 *(.fini9)
 *(.fini8)
 *(.fini8)
 *(.fini7)
 *(.fini7)
 *(.fini6)
 *(.fini6)
 *(.fini5)
 *(.fini5)
 *(.fini4)
 *(.fini4)
 *(.fini3)
 *(.fini3)
 *(.fini2)
 *(.fini2)
 *(.fini1)
 *(.fini1)
 *(.fini0)
 .fini0         0x0000018c        0x4 c:/program files/winavr/bin/../lib/gcc/avr/4.3.3/avr25\libgcc.a(_exit.o)
 *(.fini0)
                0x00000190                _etext = .

.data           0x00800060        0x0 load address 0x00000190
                0x00800060                PROVIDE (__data_start, .)
 *(.data)
 *(.data*)
 *(.rodata)
 *(.rodata*)
 *(.gnu.linkonce.d*)
                0x00800060                . = ALIGN (0x2)
                0x00800060                _edata = .
                0x00800060                PROVIDE (__data_end, .)

.bss            0x00800060        0x4
                0x00800060                PROVIDE (__bss_start, .)
 *(.bss)
 *(.bss*)
 *(COMMON)
 COMMON         0x00800060        0x4 obj/TinyTouchLib.o
                0x00800060                touch
                0x00800061                timer
                0x00800062                bias
                0x00800064                PROVIDE (__bss_end, .)
                0x00000190                __data_load_start = LOADADDR (.data)
                0x00000190                __data_load_end = (__data_load_start + SIZEOF (.data))

.noinit         0x00800064        0x0
                0x00800064                PROVIDE (__noinit_start, .)
 *(.noinit*)
                0x00800064                PROVIDE (__noinit_end, .)
                0x00800064                _end = .
                0x00800064                PROVIDE (__heap_start, .)

.eeprom         0x00810000        0x0
 *(.eeprom*)
                0x00810000                __eeprom_end = .

.fuse
 *(.fuse)
 *(.lfuse)
 *(.hfuse)
 *(.efuse)

.lock
 *(.lock*)

.signature
 *(.signature*)

.stab
 *(.stab)

.stabstr
 *(.stabstr)

.stab.excl
 *(.stab.excl)

.stab.exclstr
 *(.stab.exclstr)

.stab.index
 *(.stab.index)

.stab.indexstr
 *(.stab.indexstr)

.comment
 *(.comment)

.debug
 *(.debug)

.line
 *(.line)

.debug_srcinfo
 *(.debug_srcinfo)

.debug_sfnames
 *(.debug_sfnames)

.debug_aranges  0x00000000       0x50
 *(.debug_aranges)
 .debug_aranges
                0x00000000       0x20 obj/main.o
 .debug_aranges
                0x00000020       0x30 obj/TinyTouchLib.o

.debug_pubnames
                0x00000000       0x83
 *(.debug_pubnames)
 .debug_pubnames
                0x00000000       0x1b obj/main.o
 .debug_pubnames
                0x0000001b       0x68 obj/TinyTouchLib.o

.debug_info     0x00000000      0x383
 *(.debug_info)
 .debug_info    0x00000000       0xb8 obj/main.o
 .debug_info    0x000000b8      0x2cb obj/TinyTouchLib.o
 *(.gnu.linkonce.wi.*)

.debug_abbrev   0x00000000      0x1be
 *(.debug_abbrev)
 .debug_abbrev  0x00000000       0x73 obj/main.o
 .debug_abbrev  0x00000073      0x14b obj/TinyTouchLib.o

.debug_line     0x00000000      0x39b
 *(.debug_line)
 .debug_line    0x00000000       0xe2 obj/main.o
 .debug_line    0x000000e2      0x2b9 obj/TinyTouchLib.o

.debug_frame    0x00000000       0x60
 *(.debug_frame)
 .debug_frame   0x00000000       0x20 obj/main.o
 .debug_frame   0x00000020       0x40 obj/TinyTouchLib.o

.debug_str      0x00000000      0x178
 *(.debug_str)
 .debug_str     0x00000000       0xbb obj/main.o
                                 0xef (size before relaxing)
 .debug_str     0x000000bb       0xbd obj/TinyTouchLib.o
                                0x1a2 (size before relaxing)

.debug_loc      0x00000000       0xb4
 *(.debug_loc)
 .debug_loc     0x00000000       0xb4 obj/TinyTouchLib.o

.debug_macinfo
 *(.debug_macinfo)
OUTPUT(main.elf elf32-avr)
LOAD linker stubs

.debug_ranges   0x00000000       0xb8
 .debug_ranges  0x00000000       0x18 obj/main.o
 .debug_ranges  0x00000018       0xa0 obj/TinyTouchLib.o

Cross Reference Table

Symbol                                            File
__bad_interrupt                                   c:/program files/winavr/bin/../lib/gcc/avr/4.3.3/../../../../avr/lib/avr25/crttn45.o
__bss_end                                         c:/program files/winavr/bin/../lib/gcc/avr/4.3.3/avr25\libgcc.a(_clear_bss.o)
__bss_start                                       c:/program files/winavr/bin/../lib/gcc/avr/4.3.3/avr25\libgcc.a(_clear_bss.o)
__do_clear_bss                                    c:/program files/winavr/bin/../lib/gcc/avr/4.3.3/avr25\libgcc.a(_clear_bss.o)
                                                  obj/TinyTouchLib.o
__heap_end                                        c:/program files/winavr/bin/../lib/gcc/avr/4.3.3/../../../../avr/lib/avr25/crttn45.o
__init                                            c:/program files/winavr/bin/../lib/gcc/avr/4.3.3/../../../../avr/lib/avr25/crttn45.o
__stack                                           c:/program files/winavr/bin/../lib/gcc/avr/4.3.3/../../../../avr/lib/avr25/crttn45.o
__vector_1                                        c:/program files/winavr/bin/../lib/gcc/avr/4.3.3/../../../../avr/lib/avr25/crttn45.o
__vector_10                                       c:/program files/winavr/bin/../lib/gcc/avr/4.3.3/../../../../avr/lib/avr25/crttn45.o
__vector_11                                       c:/program files/winavr/bin/../lib/gcc/avr/4.3.3/../../../../avr/lib/avr25/crttn45.o
__vector_12                                       c:/program files/winavr/bin/../lib/gcc/avr/4.3.3/../../../../avr/lib/avr25/crttn45.o
__vector_13                                       c:/program files/winavr/bin/../lib/gcc/avr/4.3.3/../../../../avr/lib/avr25/crttn45.o
__vector_14                                       c:/program files/winavr/bin/../lib/gcc/avr/4.3.3/../../../../avr/lib/avr25/crttn45.o
__vector_2                                        c:/program files/winavr/bin/../lib/gcc/avr/4.3.3/../../../../avr/lib/avr25/crttn45.o
__vector_3                                        c:/program files/winavr/bin/../lib/gcc/avr/4.3.3/../../../../avr/lib/avr25/crttn45.o
__vector_4                                        c:/program files/winavr/bin/../lib/gcc/avr/4.3.3/../../../../avr/lib/avr25/crttn45.o
__vector_5                                        c:/program files/winavr/bin/../lib/gcc/avr/4.3.3/../../../../avr/lib/avr25/crttn45.o
__vector_6                                        c:/program files/winavr/bin/../lib/gcc/avr/4.3.3/../../../../avr/lib/avr25/crttn45.o
__vector_7                                        c:/program files/winavr/bin/../lib/gcc/avr/4.3.3/../../../../avr/lib/avr25/crttn45.o
__vector_8                                        c:/program files/winavr/bin/../lib/gcc/avr/4.3.3/../../../../avr/lib/avr25/crttn45.o
__vector_9                                        c:/program files/winavr/bin/../lib/gcc/avr/4.3.3/../../../../avr/lib/avr25/crttn45.o
__vector_default                                  c:/program files/winavr/bin/../lib/gcc/avr/4.3.3/../../../../avr/lib/avr25/crttn45.o
__vectors                                         c:/program files/winavr/bin/../lib/gcc/avr/4.3.3/../../../../avr/lib/avr25/crttn45.o
_exit                                             c:/program files/winavr/bin/../lib/gcc/avr/4.3.3/avr25\libgcc.a(_exit.o)
bias                                              obj/TinyTouchLib.o
exit                                              c:/program files/winavr/bin/../lib/gcc/avr/4.3.3/avr25\libgcc.a(_exit.o)
                                                  c:/program files/winavr/bin/../lib/gcc/avr/4.3.3/../../../../avr/lib/avr25/crttn45.o
main                                              obj/main.o
                                                  c:/program files/winavr/bin/../lib/gcc/avr/4.3.3/../../../../avr/lib/avr25/crttn45.o
timer                                             obj/TinyTouchLib.o
tinytouch_adc                                     obj/TinyTouchLib.o
tinytouch_init                                    obj/TinyTouchLib.o
                                                  obj/main.o
tinytouch_sense                                   obj/TinyTouchLib.o
                                                  obj/main.o
touch                                             obj/TinyTouchLib.o
